// Jest Snapshot v1, https://goo.gl/fbAQLP

exports[`Calculator renders correctly on the browser 1`] = `
<DocumentFragment>
  <div>
    <div
      class="prompAndCalDiv"
    >
      <h2
        class="myh2"
      >
        Let's do some math!
      </h2>
      <div
        class="calInterface"
      >
        <div
          class="calculator"
        >
          <div
            class="buttonDiv"
          >
            <div
              class="inputField"
            >
              0
            </div>
          </div>
          <div
            class="buttonDiv"
          >
            <button
              type="button"
            >
              AC
            </button>
            <button
              type="button"
            >
              +/-
            </button>
            <button
              type="button"
            >
              %
            </button>
            <button
              class="operation"
              type="button"
            >
              รท
            </button>
          </div>
          <div
            class="buttonDiv"
          >
            <button
              type="button"
            >
              7
            </button>
            <button
              type="button"
            >
              8
            </button>
            <button
              type="button"
            >
              9
            </button>
            <button
              class="operation"
              type="button"
            >
              x
            </button>
          </div>
          <div
            class="buttonDiv"
          >
            <button
              type="button"
            >
              4
            </button>
            <button
              type="button"
            >
              5
            </button>
            <button
              type="button"
            >
              6
            </button>
            <button
              class="operation"
              type="button"
            >
              -
            </button>
          </div>
          <div
            class="buttonDiv"
          >
            <button
              type="button"
            >
              1
            </button>
            <button
              type="button"
            >
              2
            </button>
            <button
              type="button"
            >
              3
            </button>
            <button
              class="operation"
              type="button"
            >
              +
            </button>
          </div>
          <div
            class="buttonDiv"
          >
            <button
              class="zero"
              type="button"
            >
              0
            </button>
            <button
              type="button"
            >
              .
            </button>
            <button
              class="operation"
              type="button"
            >
              =
            </button>
          </div>
        </div>
      </div>
    </div>
  </div>
</DocumentFragment>
`;
