// Jest Snapshot v1, https://goo.gl/fbAQLP

exports[`test the top menu display check the menu snapshots 1`] = `[Function]`;
