// Jest Snapshot v1, https://goo.gl/fbAQLP

exports[`Home renders correctly on the browser 1`] = `
<DocumentFragment>
  <div>
    <h2>
      Welcome to our page
    </h2>
    <div
      class="paraDiv"
    >
      <p
        class="paragraph"
      >
        Lorem ipsum dolor, sit amet consectetur adipisicing elit. Voluptates consequatur nisi odio dolores inventore cum harum repudiandae atque asperiores deleniti adipisci soluta placeat minima cumque officiis impedit, quam libero laboriosam sunt. Ex labore soluta laboriosam laborum aliquam quisquam quidem, quod beatae atque minima, nemo eum odio velit laudantium asperiores odit reiciendis ipsa animi maiores! A maiores fugit voluptatum odio nostrum autem rem repellat? Quod unde fuga pariatur id in adipisci ex nam voluptate quis quos? Enim, quasi nemo! Obcaecati numquam at consectetur! Dolore ratione voluptatibus ipsam facilis?
      </p>
      <p
        class="paragraph"
      >
        Lorem ipsum dolor, sit amet consectetur adipisicing elit. Voluptates consequatur nisi odio dolores inventore cum harum repudiandae atque asperiores deleniti adipisci soluta placeat minima cumque officiis impedit, quam libero laboriosam sunt. Ex labore soluta laboriosam laborum aliquam quisquam quidem, quod beatae atque minima, nemo eum odio velit laudantium asperiores odit reiciendis ipsa animi maiores! A maiores fugit voluptatum odio nostrum autem rem repellat? Quod unde fuga pariatur id in adipisci ex nam voluptate quis quos? Enim, quasi nemo! Obcaecati numquam at consectetur! Dolore ratione voluptatibus ipsam
      </p>
    </div>
  </div>
</DocumentFragment>
`;
