// Jest Snapshot v1, https://goo.gl/fbAQLP

exports[`test the quotes loading check the Quotes snapshots 1`] = `[Function]`;
